../Core/Src/main.c:74:6:LCD_START	8	static
../Core/Src/main.c:87:6:check_key	8	static
../Core/Src/main.c:93:6:real_time	24	static
../Core/Src/main.c:115:6:real_date	24	static
../Core/Src/main.c:123:6:auto_light_lr	8	static
../Core/Src/main.c:212:6:auto_light_ud	8	static
../Core/Src/main.c:293:6:clock	8	static
../Core/Src/main.c:309:5:main	8	static
../Core/Src/main.c:361:6:SystemClock_Config	88	static
../Core/Src/main.c:406:13:MX_RTC_Init	24	static
../Core/Src/main.c:477:13:MX_TIM2_Init	32	static
../Core/Src/main.c:522:13:MX_GPIO_Init	40	static
../Core/Src/main.c:595:6:HAL_TIM_PeriodElapsedCallback	16	static
../Core/Src/main.c:604:9:ShiftOut	24	static,ignoring_inline_asm
../Core/Src/main.c:601:6:Display_7SegLed_1	40	static,ignoring_inline_asm
../Core/Src/main.c:632:15:key_press	40	static
../Core/Src/main.c:661:15:check_clm	24	static
../Core/Src/main.c:689:6:Disp_pass_key	24	static
../Core/Src/main.c:741:6:Error_Handler	4	static,ignoring_inline_asm
